Turbo Assembler	 Version 4.1	    02/13/25 00:42:08	    Page 1
1.asm



      1	0000			     .model tiny
      2	0000			     .code
      3				     org 100h
      4
      5	0100  B4 09		     Start:	     mov ah, 09h		     ; DOS ah =	puts(dx)
      6	0102  2B F4				     sub si, ah
**Error** 1.asm(6) Operand types do not	match
      7	0104  BA 0001r				     lea dx, String[1]
      8	0107  CD 21				     int 21h			     ; puts(dx)
      9	0109			     .data
     10	0000  48 65 6C 6C 6F 24	      String:	     db	"Hello", '$'
     11	0006			     .code
     12	0109  B8 4C00				     mov ax, 4c00h		     ; DOS ax =	exit(0)
     13	010C  CD 21				     int 21h			     ; exit(0)
     14
     15				     end	     Start
Turbo Assembler	 Version 4.1	    02/13/25 00:42:08	    Page 2
Symbol Table




Symbol Name			  Type	 Value

??DATE				  Text	 "02/13/25"
??FILENAME			  Text	 "1	  "
??TIME				  Text	 "00:42:08"
??VERSION			  Number 040A
@32BIT				  Text	 0
@CODE				  Text	 DGROUP
@CODESIZE			  Text	 0
@CPU				  Text	 0101H
@CURSEG				  Text	 _TEXT
@DATA				  Text	 DGROUP
@DATASIZE			  Text	 0
@FILENAME			  Text	 1
@INTERFACE			  Text	 000H
@MODEL				  Text	 1
@STACK				  Text	 DGROUP
@WORDSIZE			  Text	 2
START				  Near	 DGROUP:0100
STRING				  Near	 DGROUP:0000

Groups & Segments		  Bit Size Align  Combine Class

DGROUP				  Group
  _DATA				  16  0006 Word	  Public  DATA
  _TEXT				  16  010E Word	  Public  CODE
Turbo Assembler	 Version 4.1	    02/13/25 00:42:08	    Page 3
Error Summary



**Error** 1.asm(6) Operand types do not	match
